// Jest Snapshot v1, https://goo.gl/fbAQLP

exports[`<SpeakerPage> should match snapshot 1`] = `
<Styled(styled.div)
  flexDirection={
    Array [
      "column",
      "row",
    ]
  }
  m={
    Array [
      "2rem 2rem",
      "4.0rem 8.6rem",
      "4.0rem 10.8rem",
      "4.0rem 12rem",
    ]
  }
>
  <Styled(styled.div)
    alignItems="center"
    flexDirection="column"
  >
    <styled.div
      mb="16px"
      style={
        Object {
          "height": 200,
        }
      }
    >
      <Avatar
        avatar={null}
      />
    </styled.div>
    <SpeakerContacts
      speaker={
        Object {
          "avatar": null,
          "fields": Object {
            "slug": "",
          },
          "id": "",
          "jobTitle": "",
          "organization": "",
          "socialNetworks": Array [],
          "talks": Array [],
        }
      }
    />
  </Styled(styled.div)>
  <styled.div
    ml={
      Array [
        0,
        "60px",
      ]
    }
  >
    <styled.h1 />
    <Styled(styled.div)
      as={
        Object {
          "$$typeof": Symbol(react.forward_ref),
          "attrs": Array [],
          "componentStyle": e {
            "baseHash": -1550948005,
            "baseStyle": undefined,
            "componentId": "sc-iwjdpV",
            "isStatic": false,
            "rules": Array [
              "
  list-style: none;
",
            ],
            "staticRulesId": "",
          },
          "displayName": "styled.ul",
          "foldedComponentIds": Array [],
          "render": [Function],
          "shouldForwardProp": undefined,
          "styledComponentId": "sc-iwjdpV",
          "target": "ul",
          "toString": [Function],
          "warnTooManyClasses": [Function],
          "withComponent": [Function],
        }
      }
      flexDirection="column"
      m={0}
      mt="72px"
      p={0}
    />
  </styled.div>
</Styled(styled.div)>
`;
